// Jest Snapshot v1, https://goo.gl/fbAQLP

exports[`Prueba Unitaria - FirstApp: Debe coincidir con la captura (Snapshot): 1`] = `
<div>
  <h1
    data-testid="test-title"
  >
    ¡Hola a todos!
  </h1>
  <p>
    ¡Toca estudiar!
  </p>
  <p>
    René Rivas
  </p>
</div>
`;
